// Jest Snapshot v1, https://goo.gl/fbAQLP

exports[`<Button /> should render component correctly 1`] = `
<View
  accessible={true}
  collapsable={false}
  focusable={true}
  onClick={[Function]}
  onResponderGrant={[Function]}
  onResponderMove={[Function]}
  onResponderRelease={[Function]}
  onResponderTerminate={[Function]}
  onResponderTerminationRequest={[Function]}
  onStartShouldSetResponder={[Function]}
  style={
    {
      "alignItems": "center",
      "backgroundColor": "#3A00E5",
      "borderRadius": 5,
      "height": 45,
      "justifyContent": "center",
      "opacity": 1,
      "paddingHorizontal": 30,
    }
  }
/>
`;
