// Jest Snapshot v1, https://goo.gl/fbAQLP

exports[`<Webview /> should render component correctly 1`] = `
<View
  allowsFullscreenVideo={true}
  containerStyle={
    {
      "backgroundColor": "#EFEFF0",
      "flex": 0,
      "height": "100%",
      "width": "100%",
    }
  }
  onNavigationStateChange={[Function]}
  showsHorizontalScrollIndicator={false}
  showsVerticalScrollIndicator={false}
  source={
    {
      "uri": "https://google.com",
    }
  }
  style={
    {
      "backgroundColor": "#EFEFF0",
    }
  }
/>
`;
